// Jest Snapshot v1, https://goo.gl/fbAQLP

exports[`Home list 30 plans 1`] = `<div />`;

exports[`Home snapshot 1`] = `<div />`;
